go.exe : # runtime/cgo
At line:1 char:1
+ & "C:\Program 
Files\Go\bin\go.exe" 
build -o backend.exe 
./cmd/server  ...
+ ~~~~~~~~~~~~~~~~~~~~~~~~
~~~~~~~~~~~~~~~~~~~~~~~~~~
~~~~~~~~~~~~~~~~~~~
    + CategoryInfo        
      : NotSpecified: (#  
   runtime/cgo:String)    
 [], RemoteException
    + FullyQualifiedError 
   Id : NativeCommandErr  
  or
 
cc1.exe: sorry, 
unimplemented: 64-bit 
mode not compiled in
